------------------------------------------------------------
Timing Analyzer Summary
------------------------------------------------------------

Type  : Slow 1100mV 85C Model Setup 'CLOCK_50'
Slack : -4.349
TNS   : -1550.158

Type  : Slow 1100mV 85C Model Hold 'CLOCK_50'
Slack : 0.352
TNS   : 0.000

Type  : Slow 1100mV 85C Model Minimum Pulse Width 'CLOCK_50'
Slack : -0.394
TNS   : -253.752

Type  : Slow 1100mV 0C Model Setup 'CLOCK_50'
Slack : -4.174
TNS   : -1496.689

Type  : Slow 1100mV 0C Model Hold 'CLOCK_50'
Slack : 0.328
TNS   : 0.000

Type  : Slow 1100mV 0C Model Minimum Pulse Width 'CLOCK_50'
Slack : -0.394
TNS   : -272.515

Type  : Fast 1100mV 85C Model Setup 'CLOCK_50'
Slack : -2.196
TNS   : -731.234

Type  : Fast 1100mV 85C Model Hold 'CLOCK_50'
Slack : 0.176
TNS   : 0.000

Type  : Fast 1100mV 85C Model Minimum Pulse Width 'CLOCK_50'
Slack : -0.092
TNS   : -41.462

Type  : Fast 1100mV 0C Model Setup 'CLOCK_50'
Slack : -1.874
TNS   : -617.065

Type  : Fast 1100mV 0C Model Hold 'CLOCK_50'
Slack : 0.169
TNS   : 0.000

Type  : Fast 1100mV 0C Model Minimum Pulse Width 'CLOCK_50'
Slack : -0.090
TNS   : -40.701

------------------------------------------------------------
